// Jest Snapshot v1, https://goo.gl/fbAQLP

exports[`Apollo Site Components Renders CountrySelectBox 1`] = `
<div
  className="MuiFormControl-root makeStyles-formControl-9"
>
  <label
    className="MuiFormLabel-root MuiInputLabel-root MuiInputLabel-formControl MuiInputLabel-animated MuiInputLabel-outlined"
    data-shrink={false}
    id="country-label"
  >
    Country
  </label>
  <div
    className="MuiInputBase-root MuiOutlinedInput-root MuiInputBase-formControl"
    onClick={[Function]}
  >
    <div
      aria-haspopup="listbox"
      aria-labelledby="country-label country"
      className="MuiSelect-root MuiSelect-select MuiSelect-selectMenu MuiSelect-outlined MuiInputBase-input MuiOutlinedInput-input"
      id="country"
      onBlur={[Function]}
      onFocus={[Function]}
      onKeyDown={[Function]}
      onMouseDown={[Function]}
      role="button"
      tabIndex={0}
    >
      <span
        dangerouslySetInnerHTML={
          Object {
            "__html": "&#8203;",
          }
        }
      />
    </div>
    <input
      aria-hidden={true}
      className="MuiSelect-nativeInput"
      onAnimationStart={[Function]}
      onChange={[Function]}
      required={false}
      tabIndex={-1}
      value=""
    />
    <svg
      aria-hidden={true}
      className="MuiSvgIcon-root MuiSelect-icon MuiSelect-iconOutlined"
      focusable="false"
      viewBox="0 0 24 24"
    >
      <path
        d="M7 10l5 5 5-5z"
      />
    </svg>
    <fieldset
      aria-hidden={true}
      className="PrivateNotchedOutline-root-10 MuiOutlinedInput-notchedOutline"
    >
      <legend
        className="PrivateNotchedOutline-legendLabelled-12"
      >
        <span>
          Country
        </span>
      </legend>
    </fieldset>
  </div>
</div>
`;

exports[`Apollo Site Components Renders CountryViewBox 1`] = `
<div
  className="MuiBox-root MuiBox-root-17 makeStyles-contentBox-14"
>
  <h1
    className="MuiTypography-root makeStyles-countryHeadline-15 MuiTypography-h6"
  >
    Name1
     
    Emoji1
  </h1>
  <h2
    className="MuiTypography-root MuiTypography-subtitle1"
  >
    Continent: 
    Europe
  </h2>
  <div
    className="MuiTypography-root MuiTypography-subtitle2"
  >
    Capital: 
    Berlin
  </div>
  <div
    className="MuiTypography-root makeStyles-countryBody-16 MuiTypography-body1"
  >
    Language: 
    German (Deutsch)
     
    <br />
    Currency: 
    EUR
     
    <br />
    States: 
    <br />
    <ul
      className="MuiList-root MuiList-padding"
    >
      <li
        className="MuiListItem-root MuiListItem-gutters"
        disabled={false}
      >
        <div
          className="MuiListItemIcon-root"
        >
          <svg
            aria-hidden={true}
            className="MuiSvgIcon-root"
            focusable="false"
            style={
              Object {
                "minWidth": 40,
              }
            }
            viewBox="0 0 24 24"
          >
            <path
              d="M12 2C6.48 2 2 6.48 2 12s4.48 10 10 10 10-4.48 10-10S17.52 2 12 2zm-1 17.93c-3.95-.49-7-3.85-7-7.93 0-.62.08-1.21.21-1.79L9 15v1c0 1.1.9 2 2 2v1.93zm6.9-2.54c-.26-.81-1-1.39-1.9-1.39h-1v-3c0-.55-.45-1-1-1H8v-2h2c.55 0 1-.45 1-1V7h2c1.1 0 2-.9 2-2v-.41c2.93 1.19 5 4.06 5 7.41 0 2.08-.8 3.97-2.1 5.39z"
            />
          </svg>
        </div>
        <div
          className="MuiListItemText-root"
        >
          <span
            className="MuiTypography-root MuiListItemText-primary MuiTypography-body1 MuiTypography-displayBlock"
          >
            StateName1
          </span>
        </div>
      </li>
    </ul>
  </div>
</div>
`;
